
> @workspace/kirana-store@0.0.0 typecheck /Users/soni/Desktop/Abhishek/AI-Web-Assistant/artifacts/kirana-store
> tsc -p tsconfig.json --noEmit

src/pages/customers.tsx(39,5): error TS2769: No overload matches this call.
  Overload 1 of 2, '(input: string | URL | Request, init?: RequestInit | undefined): Promise<Response>', gave the following error.
    Type '{ Authorization: string; "Content-Type": string; } | { Authorization: string; "Content-Type": string; } | { length: number; toString(): string; toLocaleString(): string; toLocaleString(locales: string | string[], options?: (NumberFormatOptions & DateTimeFormatOptions) | undefined): string; ... 39 more ...; "Content-...' is not assignable to type 'HeadersInit | undefined'.
      Type '{ Authorization?: undefined; "Content-Type": string; }' is not assignable to type 'HeadersInit | undefined'.
        Type '{ Authorization?: undefined; "Content-Type": string; }' is not assignable to type 'undefined'.
  Overload 2 of 2, '(input: URL | RequestInfo, init?: RequestInit | undefined): Promise<Response>', gave the following error.
    Type '{ Authorization: string; "Content-Type": string; } | { Authorization: string; "Content-Type": string; } | { length: number; toString(): string; toLocaleString(): string; toLocaleString(locales: string | string[], options?: (NumberFormatOptions & DateTimeFormatOptions) | undefined): string; ... 39 more ...; "Content-...' is not assignable to type 'HeadersInit | undefined'.
      Type '{ Authorization?: undefined; "Content-Type": string; }' is not assignable to type 'HeadersInit | undefined'.
        Type '{ Authorization?: undefined; "Content-Type": string; }' is not assignable to type 'undefined'.
src/pages/inventory.tsx(122,25): error TS2322: Type 'number' is not assignable to type 'string'.
src/pages/inventory.tsx(136,25): error TS2322: Type 'number' is not assignable to type 'string'.
src/pages/inventory.tsx(366,57): error TS2345: Argument of type 'string' is not assignable to parameter of type 'number'.
src/pages/labour.tsx(78,7): error TS2741: Property 'queryKey' is missing in type '{ enabled: true; }' but required in type 'UseQueryOptions<Attendance[], ErrorType<unknown>, Attendance[], readonly unknown[]>'.
src/pages/labour.tsx(82,5): error TS2345: Argument of type 'number' is not assignable to parameter of type 'string'.
src/pages/labour.tsx(121,27): error TS2322: Type 'number' is not assignable to type 'string'.
src/pages/labour.tsx(132,27): error TS2322: Type 'number' is not assignable to type 'string'.
src/pages/labour.tsx(142,37): error TS2322: Type 'number' is not assignable to type 'string'.
src/pages/labour.tsx(152,38): error TS2367: This comparison appears to be unintentional because the types 'string' and 'number' have no overlap.
src/pages/labour.tsx(194,50): error TS2345: Argument of type 'string' is not assignable to parameter of type 'number'.
src/pages/labour.tsx(222,65): error TS2345: Argument of type 'string' is not assignable to parameter of type 'number'.
src/pages/labour.tsx(246,78): error TS2345: Argument of type 'string' is not assignable to parameter of type 'number'.
src/pages/labour.tsx(311,54): error TS2345: Argument of type 'string' is not assignable to parameter of type 'number'.
src/pages/labour.tsx(371,61): error TS2345: Argument of type 'string' is not assignable to parameter of type 'SetStateAction<number | null>'.
src/pages/labour.tsx(372,119): error TS2367: This comparison appears to be unintentional because the types 'number | null' and 'string' have no overlap.
src/pages/notifications.tsx(30,23): error TS2322: Type 'number' is not assignable to type 'string'.
src/pages/notifications.tsx(96,51): error TS2345: Argument of type 'string' is not assignable to parameter of type 'number'.
/Users/soni/Desktop/Abhishek/AI-Web-Assistant/artifacts/kirana-store:
 ERR_PNPM_RECURSIVE_RUN_FIRST_FAIL  @workspace/kirana-store@0.0.0 typecheck: `tsc -p tsconfig.json --noEmit`
Exit status 2
